// Jest Snapshot v1, https://goo.gl/fbAQLP

exports[`snapshot 1`] = `
<View
  style={
    Object {
      "alignItems": "center",
      "backgroundColor": "#1A1B29",
      "flex": 1,
    }
  }
>
  <Text
    style={
      Object {
        "color": "white",
        "fontSize": 40,
        "top": 80,
      }
    }
  >
    Create account
  </Text>
  <TextInput
    allowFontScaling={true}
    onChangeText={[Function]}
    placeholder="Username"
    rejectResponderTermination={true}
    style={
      Object {
        "backgroundColor": "white",
        "borderRadius": 20,
        "fontSize": 26,
        "height": 61,
        "paddingLeft": 25,
        "top": 130,
        "width": 337,
      }
    }
    underlineColorAndroid="transparent"
  />
  <TextInput
    allowFontScaling={true}
    onChangeText={[Function]}
    placeholder="Email"
    rejectResponderTermination={true}
    style={
      Array [
        Object {
          "backgroundColor": "white",
          "borderRadius": 20,
          "fontSize": 26,
          "height": 61,
          "paddingLeft": 25,
          "top": 130,
          "width": 337,
        },
        Object {
          "top": 150,
        },
      ]
    }
    underlineColorAndroid="transparent"
  />
  <TextInput
    allowFontScaling={true}
    onChangeText={[Function]}
    placeholder="Password"
    rejectResponderTermination={true}
    secureTextEntry={true}
    style={
      Array [
        Object {
          "backgroundColor": "white",
          "borderRadius": 20,
          "fontSize": 26,
          "height": 61,
          "paddingLeft": 25,
          "top": 130,
          "width": 337,
        },
        Object {
          "top": 170,
        },
      ]
    }
    underlineColorAndroid="transparent"
  />
  <View
    accessible={true}
    focusable={true}
    onClick={[Function]}
    onResponderGrant={[Function]}
    onResponderMove={[Function]}
    onResponderRelease={[Function]}
    onResponderTerminate={[Function]}
    onResponderTerminationRequest={[Function]}
    onStartShouldSetResponder={[Function]}
    style={
      Object {
        "backgroundColor": "#59B398",
        "borderRadius": 20,
        "height": 61,
        "opacity": 1,
        "top": 230,
        "width": 337,
      }
    }
  >
    <Text
      style={
        Object {
          "color": "white",
          "fontSize": 26,
          "textAlign": "center",
          "top": 12,
        }
      }
    >
      Sign up
    </Text>
  </View>
  <View
    style={
      Object {
        "flex": 1,
        "flexDirection": "row",
      }
    }
  >
    <View
      style={
        Object {
          "flex": 0.75,
        }
      }
    >
      <Text
        style={
          Object {
            "alignSelf": "center",
            "color": "white",
            "fontSize": 18,
            "left": 18,
            "top": 300,
          }
        }
      >
        Already have an account?
      </Text>
    </View>
    <View
      style={
        Object {
          "flex": 0.25,
        }
      }
    >
      <View
        accessible={true}
        focusable={true}
        onClick={[Function]}
        onResponderGrant={[Function]}
        onResponderMove={[Function]}
        onResponderRelease={[Function]}
        onResponderTerminate={[Function]}
        onResponderTerminationRequest={[Function]}
        onStartShouldSetResponder={[Function]}
        style={
          Object {
            "fontSize": 18,
            "height": 28,
            "left": -5,
            "opacity": 1,
            "top": 300,
            "width": 60,
          }
        }
      >
        <Text
          style={
            Object {
              "alignSelf": "center",
              "color": "#59B298",
              "fontSize": 18,
              "left": -10,
            }
          }
        >
          Log in
        </Text>
      </View>
    </View>
  </View>
</View>
`;
